
> assurance-present-back@0.0.1 build
> nest build

node.exe : [96msrc/vehicl
es/vehicles.resolver.ts[0
m:[93m28[0m:[93m44[0m 
- [91merror[0m[90m 
TS1272: [0mA type 
referenced in a decorated 
signature must be 
imported with 'import 
type' or a namespace 
import when 
'isolatedModules' and 
'emitDecoratorMetadata' 
are enabled.
Au caractère C:\Program 
Files\nodejs\npm.ps1:29 : 
3
+   & $NODE_EXE 
$NPM_CLI_JS $args
+   ~~~~~~~~~~~~~~~~~~~~~~
~~~~~~~
    + CategoryInfo        
      : NotSpecified: (  
  [96msrc/vehicl...a' a   
 re enabled.:String) [    
], RemoteException
    + FullyQualifiedError 
   Id : NativeCommandErr  
  or
 

[7m28[0m   async getMyVe
hicles(@CurrentUser() 
user: User) {
[7m  [0m [91m          
                          
       ~~~~[0m

  [96msrc/vehicles/vehicl
es.resolver.ts[0m:[93m8
[0m:[93m10[0m
    [7m8[0m import { 
User } from 
'@prisma/client';
    [7m [0m [96m       
  ~~~~[0m
    'User' was imported 
here.
[96msrc/vehicles/vehicles
.resolver.ts[0m:[93m35[
0m:[93m26[0m - 
[91merror[0m[90m 
TS1272: [0mA type 
referenced in a decorated 
signature must be 
imported with 'import 
type' or a namespace 
import when 
'isolatedModules' and 
'emitDecoratorMetadata' 
are enabled.

[7m35[0m     
@CurrentUser() user: User,
[7m  [0m [91m          
               ~~~~[0m

  [96msrc/vehicles/vehicl
es.resolver.ts[0m:[93m8
[0m:[93m10[0m
    [7m8[0m import { 
User } from 
'@prisma/client';
    [7m [0m [96m       
  ~~~~[0m
    'User' was imported 
here.
[96msrc/vehicles/vehicles
.resolver.ts[0m:[93m44[
0m:[93m26[0m - 
[91merror[0m[90m 
TS1272: [0mA type 
referenced in a decorated 
signature must be 
imported with 'import 
type' or a namespace 
import when 
'isolatedModules' and 
'emitDecoratorMetadata' 
are enabled.

[7m44[0m     
@CurrentUser() user: User,
[7m  [0m [91m          
               ~~~~[0m

  [96msrc/vehicles/vehicl
es.resolver.ts[0m:[93m8
[0m:[93m10[0m
    [7m8[0m import { 
User } from 
'@prisma/client';
    [7m [0m [96m       
  ~~~~[0m
    'User' was imported 
here.
[96msrc/vehicles/vehicles
.resolver.ts[0m:[93m53[
0m:[93m26[0m - 
[91merror[0m[90m 
TS1272: [0mA type 
referenced in a decorated 
signature must be 
imported with 'import 
type' or a namespace 
import when 
'isolatedModules' and 
'emitDecoratorMetadata' 
are enabled.

[7m53[0m     
@CurrentUser() user: User,
[7m  [0m [91m          
               ~~~~[0m

  [96msrc/vehicles/vehicl
es.resolver.ts[0m:[93m8
[0m:[93m10[0m
    [7m8[0m import { 
User } from 
'@prisma/client';
    [7m [0m [96m       
  ~~~~[0m
    'User' was imported 
here.

Found 4 error(s).

